===============================
Starting analysis at martes, 11 de noviembre de 2025, 15:06:21 CST
===============================
-e 
[1/3] Running model_test.py for model training...
Loading datasets from ./csst_catalog/tfrecords/train/ and ./csst_catalog/tfrecords/test/
Error: name 'f' is not defined
Model training completed successfully.
-e 
[2/3] Running test.py for model testing...
WARNING: All log messages before absl::InitializeLog() is called are written to STDERR
I0000 00:00:1762895188.871074 24463225 pluggable_device_factory.cc:305] Could not identify NUMA node of platform GPU ID 0, defaulting to 0. Your kernel may not have been built with NUMA support.
I0000 00:00:1762895188.871113 24463225 pluggable_device_factory.cc:271] Created TensorFlow device (/job:localhost/replica:0/task:0/device:GPU:0 with 0 MB memory) -> physical PluggableDevice (device: 0, name: METAL, pci bus id: <undefined>)
Loading dataset from ./csst_catalog/tfrecords/test/
Total Dataset: 6396 muestras
Loading model from ./csst_catalog/test9/alexnet_2/alexnet_paper_2.keras
Traceback (most recent call last):
  File "/Users/juananconaflores/Documents/GitHub/lenstronomy_images/test.py", line 103, in <module>
    model = load_model(model_path, custom_objects={'loss': custom_loss})
            ^^^^^^^^^^^^^^^^^^^^^^^^^^^^^^^^^^^^^^^^^^^^^^^^^^^^^^^^^^^^
  File "/Users/juananconaflores/.pyenv/versions/project/lib/python3.11/site-packages/keras/src/saving/saving_api.py", line 200, in load_model
    raise ValueError(
ValueError: File not found: filepath=./csst_catalog/test9/alexnet_2/alexnet_paper_2.keras. Please ensure the file is an accessible `.keras` zip file.
Error during model testing. Check the log file for details.
