-e {YELLOW}==============================={NC}
-e {YELLOW}Starting analysis at viernes, 28 de noviembre de 2025, 03:33:45 -03{NC}
-e {YELLOW}==============================={NC}

[1/4] Running model_test.py for model training...
WARNING: All log messages before absl::InitializeLog() is called are written to STDERR
I0000 00:00:1764311628.542129 1974770 pluggable_device_factory.cc:305] Could not identify NUMA node of platform GPU ID 0, defaulting to 0. Your kernel may not have been built with NUMA support.
I0000 00:00:1764311628.542173 1974770 pluggable_device_factory.cc:271] Created TensorFlow device (/job:localhost/replica:0/task:0/device:GPU:0 with 0 MB memory) -> physical PluggableDevice (device: 0, name: METAL, pci bus id: <undefined>)
Loading datasets from ./csst_catalog/tfrecords/train/ and ./csst_catalog/tfrecords/test/
Número total de ejemplos de entrenamiento: 70000
Número total de ejemplos de prueba: 6395
steps_per_epoch = 1093
validation_steps = 218
Traceback (most recent call last):
  File "/Users/juananconaflores/Documents/GitHub/lenstronomy_images/alexnet_test.py", line 164, in main
    full_train_ds = tf.data.TFRecordDataset(train_tfrecord_files).map(parse_tfrecord)
                    ^^^^^^^^^^^^^^^^^^^^^^^^^^^^^^^^^^^^^^^^^^^^^^^^^^^^^^^^^^^^^^^^^
  File "/Users/juananconaflores/.pyenv/versions/project/lib/python3.11/site-packages/tensorflow/python/data/ops/dataset_ops.py", line 2341, in map
    return map_op._map_v2(
           ^^^^^^^^^^^^^^^
  File "/Users/juananconaflores/.pyenv/versions/project/lib/python3.11/site-packages/tensorflow/python/data/ops/map_op.py", line 43, in _map_v2
    return _MapDataset(
           ^^^^^^^^^^^^
  File "/Users/juananconaflores/.pyenv/versions/project/lib/python3.11/site-packages/tensorflow/python/data/ops/map_op.py", line 157, in __init__
    self._map_func = structured_function.StructuredFunctionWrapper(
                     ^^^^^^^^^^^^^^^^^^^^^^^^^^^^^^^^^^^^^^^^^^^^^^
  File "/Users/juananconaflores/.pyenv/versions/project/lib/python3.11/site-packages/tensorflow/python/data/ops/structured_function.py", line 265, in __init__
    self._function = fn_factory()
                     ^^^^^^^^^^^^
  File "/Users/juananconaflores/.pyenv/versions/project/lib/python3.11/site-packages/tensorflow/python/eager/polymorphic_function/polymorphic_function.py", line 1256, in get_concrete_function
    concrete = self._get_concrete_function_garbage_collected(*args, **kwargs)
               ^^^^^^^^^^^^^^^^^^^^^^^^^^^^^^^^^^^^^^^^^^^^^^^^^^^^^^^^^^^^^^
  File "/Users/juananconaflores/.pyenv/versions/project/lib/python3.11/site-packages/tensorflow/python/eager/polymorphic_function/polymorphic_function.py", line 1226, in _get_concrete_function_garbage_collected
    self._initialize(args, kwargs, add_initializers_to=initializers)
  File "/Users/juananconaflores/.pyenv/versions/project/lib/python3.11/site-packages/tensorflow/python/eager/polymorphic_function/polymorphic_function.py", line 696, in _initialize
    self._concrete_variable_creation_fn = tracing_compilation.trace_function(
                                          ^^^^^^^^^^^^^^^^^^^^^^^^^^^^^^^^^^^
  File "/Users/juananconaflores/.pyenv/versions/project/lib/python3.11/site-packages/tensorflow/python/eager/polymorphic_function/tracing_compilation.py", line 178, in trace_function
    concrete_function = _maybe_define_function(
                        ^^^^^^^^^^^^^^^^^^^^^^^
  File "/Users/juananconaflores/.pyenv/versions/project/lib/python3.11/site-packages/tensorflow/python/eager/polymorphic_function/tracing_compilation.py", line 283, in _maybe_define_function
    concrete_function = _create_concrete_function(
                        ^^^^^^^^^^^^^^^^^^^^^^^^^^
  File "/Users/juananconaflores/.pyenv/versions/project/lib/python3.11/site-packages/tensorflow/python/eager/polymorphic_function/tracing_compilation.py", line 310, in _create_concrete_function
    traced_func_graph = func_graph_module.func_graph_from_py_func(
                        ^^^^^^^^^^^^^^^^^^^^^^^^^^^^^^^^^^^^^^^^^^
  File "/Users/juananconaflores/.pyenv/versions/project/lib/python3.11/site-packages/tensorflow/python/framework/func_graph.py", line 1060, in func_graph_from_py_func
    func_outputs = python_func(*func_args, **func_kwargs)
                   ^^^^^^^^^^^^^^^^^^^^^^^^^^^^^^^^^^^^^^
  File "/Users/juananconaflores/.pyenv/versions/project/lib/python3.11/site-packages/tensorflow/python/eager/polymorphic_function/polymorphic_function.py", line 599, in wrapped_fn
    out = weak_wrapped_fn().__wrapped__(*args, **kwds)
          ^^^^^^^^^^^^^^^^^^^^^^^^^^^^^^^^^^^^^^^^^^^^
  File "/Users/juananconaflores/.pyenv/versions/project/lib/python3.11/site-packages/tensorflow/python/data/ops/structured_function.py", line 231, in wrapped_fn
    ret = wrapper_helper(*args)
          ^^^^^^^^^^^^^^^^^^^^^
  File "/Users/juananconaflores/.pyenv/versions/project/lib/python3.11/site-packages/tensorflow/python/data/ops/structured_function.py", line 161, in wrapper_helper
    ret = autograph.tf_convert(self._func, ag_ctx)(*nested_args)
          ^^^^^^^^^^^^^^^^^^^^^^^^^^^^^^^^^^^^^^^^^^^^^^^^^^^^^^
  File "/Users/juananconaflores/.pyenv/versions/project/lib/python3.11/site-packages/tensorflow/python/autograph/impl/api.py", line 693, in wrapper
    raise e.ag_error_metadata.to_exception(e)
  File "/Users/juananconaflores/.pyenv/versions/project/lib/python3.11/site-packages/tensorflow/python/autograph/impl/api.py", line 690, in wrapper
    return converted_call(f, args, kwargs, options=options)
           ^^^^^^^^^^^^^^^^^^^^^^^^^^^^^^^^^^^^^^^^^^^^^^^^
  File "/Users/juananconaflores/.pyenv/versions/project/lib/python3.11/site-packages/tensorflow/python/autograph/impl/api.py", line 439, in converted_call
    result = converted_f(*effective_args, **kwargs)
             ^^^^^^^^^^^^^^^^^^^^^^^^^^^^^^^^^^^^^^
  File "/var/folders/yd/gdn3pc_92w1dcwrb531c397r0000gn/T/__autograph_generated_fileijrxqqf_.py", line 18, in tf__parse_tfrecord
    label = ag__.converted_call(ag__.ld(tf).stack, ([ag__.ld(parsed_example)[ag__.ld(label)] for label in ag__.ld(LABELS)],), dict(axis=0), fscope)
                                                    ^^^^^^^^^^^^^^^^^^^^^^^^^^^^^^^^^^^^^^^^^^^^^^^^^^^^^^^^^^^^^^^^^^^^^^
  File "/var/folders/yd/gdn3pc_92w1dcwrb531c397r0000gn/T/__autograph_generated_fileijrxqqf_.py", line 18, in <listcomp>
    label = ag__.converted_call(ag__.ld(tf).stack, ([ag__.ld(parsed_example)[ag__.ld(label)] for label in ag__.ld(LABELS)],), dict(axis=0), fscope)
                                                     ~~~~~~~~~~~~~~~~~~~~~~~^^^^^^^^^^^^^^^^
tensorflow.python.autograph.pyct.error_utils.MultilineMessageKeyError: in user code:

    File "/Users/juananconaflores/Documents/GitHub/lenstronomy_images/alexnet_test.py", line 111, in parse_tfrecord  *
        label = tf.stack([parsed_example[label] for label in LABELS], axis = 0)

    KeyError: 'thetaE'


During handling of the above exception, another exception occurred:

Traceback (most recent call last):
  File "/Users/juananconaflores/Documents/GitHub/lenstronomy_images/alexnet_test.py", line 234, in <module>
    main()
  File "/Users/juananconaflores/Documents/GitHub/lenstronomy_images/alexnet_test.py", line 231, in main
    print(f'Error: in line {sys.exc_info()[2].tb_lineno} - {e}')
                            ^^^
NameError: name 'sys' is not defined
-e {RED}Error during model training. Check the log file for details.{NC}
