-e [1;33m===============================[0m
-e [1;33mStarting analysis at lunes,  1 de diciembre de 2025, 10:15:50 CST[0m
-e [1;33m===============================[0m

[1/4] Skipping model training.

[2/4] Skipping model testing.

[3/4] Skipping results calculation.

[4/4] Running compare_images.py for PSNR comparison...
Traceback (most recent call last):
  File "/Users/juananconaflores/Documents/GitHub/lenstronomy_images/compare_images.py", line 7, in <module>
    import tensorflow as tf
  File "/Users/juananconaflores/.pyenv/versions/project/lib/python3.11/site-packages/tensorflow/__init__.py", line 468, in <module>
    importlib.import_module("keras.src.optimizers")
  File "/Users/juananconaflores/.pyenv/versions/3.11.10/lib/python3.11/importlib/__init__.py", line 126, in import_module
    return _bootstrap._gcd_import(name[level:], package, level)
           ^^^^^^^^^^^^^^^^^^^^^^^^^^^^^^^^^^^^^^^^^^^^^^^^^^^^
  File "/Users/juananconaflores/.pyenv/versions/project/lib/python3.11/site-packages/keras/__init__.py", line 2, in <module>
    from keras.api import DTypePolicy
  File "/Users/juananconaflores/.pyenv/versions/project/lib/python3.11/site-packages/keras/api/__init__.py", line 8, in <module>
    from keras.api import activations
  File "/Users/juananconaflores/.pyenv/versions/project/lib/python3.11/site-packages/keras/api/activations/__init__.py", line 7, in <module>
    from keras.src.activations import deserialize
  File "/Users/juananconaflores/.pyenv/versions/project/lib/python3.11/site-packages/keras/src/__init__.py", line 1, in <module>
    from keras.src import activations
  File "/Users/juananconaflores/.pyenv/versions/project/lib/python3.11/site-packages/keras/src/activations/__init__.py", line 33, in <module>
    from keras.src.saving import object_registration
  File "/Users/juananconaflores/.pyenv/versions/project/lib/python3.11/site-packages/keras/src/saving/__init__.py", line 7, in <module>
    from keras.src.saving.saving_api import load_model
  File "/Users/juananconaflores/.pyenv/versions/project/lib/python3.11/site-packages/keras/src/saving/saving_api.py", line 7, in <module>
    from keras.src.legacy.saving import legacy_h5_format
  File "/Users/juananconaflores/.pyenv/versions/project/lib/python3.11/site-packages/keras/src/legacy/saving/legacy_h5_format.py", line 13, in <module>
    from keras.src.legacy.saving import saving_utils
  File "/Users/juananconaflores/.pyenv/versions/project/lib/python3.11/site-packages/keras/src/legacy/saving/saving_utils.py", line 10, in <module>
    from keras.src import models
  File "/Users/juananconaflores/.pyenv/versions/project/lib/python3.11/site-packages/keras/src/models/__init__.py", line 1, in <module>
    from keras.src.models.functional import Functional
  File "/Users/juananconaflores/.pyenv/versions/project/lib/python3.11/site-packages/keras/src/models/functional.py", line 16, in <module>
    from keras.src.models.model import Model
  File "/Users/juananconaflores/.pyenv/versions/project/lib/python3.11/site-packages/keras/src/models/model.py", line 12, in <module>
    from keras.src.trainers import trainer as base_trainer
  File "/Users/juananconaflores/.pyenv/versions/project/lib/python3.11/site-packages/keras/src/trainers/trainer.py", line 14, in <module>
    from keras.src.trainers.data_adapters import data_adapter_utils
  File "/Users/juananconaflores/.pyenv/versions/project/lib/python3.11/site-packages/keras/src/trainers/data_adapters/__init__.py", line 4, in <module>
    from keras.src.trainers.data_adapters import array_data_adapter
  File "/Users/juananconaflores/.pyenv/versions/project/lib/python3.11/site-packages/keras/src/trainers/data_adapters/array_data_adapter.py", line 7, in <module>
    from keras.src.trainers.data_adapters import array_slicing
  File "/Users/juananconaflores/.pyenv/versions/project/lib/python3.11/site-packages/keras/src/trainers/data_adapters/array_slicing.py", line 12, in <module>
    import pandas
  File "/Users/juananconaflores/.pyenv/versions/project/lib/python3.11/site-packages/pandas/__init__.py", line 49, in <module>
    from pandas.core.api import (
  File "/Users/juananconaflores/.pyenv/versions/project/lib/python3.11/site-packages/pandas/core/api.py", line 47, in <module>
    from pandas.core.groupby import (
  File "/Users/juananconaflores/.pyenv/versions/project/lib/python3.11/site-packages/pandas/core/groupby/__init__.py", line 1, in <module>
    from pandas.core.groupby.generic import (
  File "/Users/juananconaflores/.pyenv/versions/project/lib/python3.11/site-packages/pandas/core/groupby/generic.py", line 68, in <module>
    from pandas.core.frame import DataFrame
  File "/Users/juananconaflores/.pyenv/versions/project/lib/python3.11/site-packages/pandas/core/frame.py", line 149, in <module>
    from pandas.core.generic import (
  File "/Users/juananconaflores/.pyenv/versions/project/lib/python3.11/site-packages/pandas/core/generic.py", line 152, in <module>
    from pandas.core import (
  File "/Users/juananconaflores/.pyenv/versions/project/lib/python3.11/site-packages/pandas/core/indexing.py", line 79, in <module>
    from pandas.core.indexes.api import (
  File "/Users/juananconaflores/.pyenv/versions/project/lib/python3.11/site-packages/pandas/core/indexes/api.py", line 20, in <module>
    from pandas.core.indexes.base import (
  File "/Users/juananconaflores/.pyenv/versions/project/lib/python3.11/site-packages/pandas/core/indexes/base.py", line 37, in <module>
    import pandas._libs.join as libjoin
  File "<frozen importlib._bootstrap>", line 405, in parent
KeyboardInterrupt
