===============================
Starting analysis at martes, 18 de noviembre de 2025, 12:10:06 CST
===============================

[1/4] Skipping model training.

[2/4] Running test.py for model testing...
Traceback (most recent call last):
  File "/Users/juananconaflores/Documents/GitHub/lenstronomy_images/test.py", line 7, in <module>
    import tensorflow as tf
  File "/Users/juananconaflores/.pyenv/versions/project/lib/python3.11/site-packages/tensorflow/__init__.py", line 468, in <module>
    importlib.import_module("keras.src.optimizers")
  File "/Users/juananconaflores/.pyenv/versions/3.11.10/lib/python3.11/importlib/__init__.py", line 126, in import_module
    return _bootstrap._gcd_import(name[level:], package, level)
           ^^^^^^^^^^^^^^^^^^^^^^^^^^^^^^^^^^^^^^^^^^^^^^^^^^^^
  File "/Users/juananconaflores/.pyenv/versions/project/lib/python3.11/site-packages/keras/__init__.py", line 2, in <module>
    from keras.api import DTypePolicy
  File "/Users/juananconaflores/.pyenv/versions/project/lib/python3.11/site-packages/keras/api/__init__.py", line 31, in <module>
    from keras.api import saving
  File "/Users/juananconaflores/.pyenv/versions/project/lib/python3.11/site-packages/keras/api/saving/__init__.py", line 7, in <module>
    from keras.src.saving.file_editor import KerasFileEditor
  File "/Users/juananconaflores/.pyenv/versions/project/lib/python3.11/site-packages/keras/src/saving/file_editor.py", line 18, in <module>
    import IPython as ipython
  File "/Users/juananconaflores/.pyenv/versions/project/lib/python3.11/site-packages/IPython/__init__.py", line 57, in <module>
    from .terminal.embed import embed
  File "/Users/juananconaflores/.pyenv/versions/project/lib/python3.11/site-packages/IPython/terminal/embed.py", line 16, in <module>
    from IPython.terminal.interactiveshell import TerminalInteractiveShell
  File "/Users/juananconaflores/.pyenv/versions/project/lib/python3.11/site-packages/IPython/terminal/interactiveshell.py", line 35, in <module>
    from prompt_toolkit.auto_suggest import AutoSuggestFromHistory
  File "/Users/juananconaflores/.pyenv/versions/project/lib/python3.11/site-packages/prompt_toolkit/__init__.py", line 27, in <module>
    from .application import Application
  File "/Users/juananconaflores/.pyenv/versions/project/lib/python3.11/site-packages/prompt_toolkit/application/__init__.py", line 3, in <module>
    from .application import Application
  File "/Users/juananconaflores/.pyenv/versions/project/lib/python3.11/site-packages/prompt_toolkit/application/application.py", line 36, in <module>
    from prompt_toolkit.buffer import Buffer
  File "/Users/juananconaflores/.pyenv/versions/project/lib/python3.11/site-packages/prompt_toolkit/buffer.py", line 23, in <module>
    from .auto_suggest import AutoSuggest, Suggestion
  File "/Users/juananconaflores/.pyenv/versions/project/lib/python3.11/site-packages/prompt_toolkit/auto_suggest.py", line 22, in <module>
    from .document import Document
  File "/Users/juananconaflores/.pyenv/versions/project/lib/python3.11/site-packages/prompt_toolkit/document.py", line 34, in <module>
    _FIND_BIG_WORD_RE = re.compile(r"([^\s]+)")
                        ^^^^^^^^^^^^^^^^^^^^^^^
  File "/Users/juananconaflores/.pyenv/versions/3.11.10/lib/python3.11/re/__init__.py", line 227, in compile
    return _compile(pattern, flags)
           ^^^^^^^^^^^^^^^^^^^^^^^^
  File "/Users/juananconaflores/.pyenv/versions/3.11.10/lib/python3.11/re/__init__.py", line 294, in _compile
    p = _compiler.compile(pattern, flags)
        ^^^^^^^^^^^^^^^^^^^^^^^^^^^^^^^^^
  File "/Users/juananconaflores/.pyenv/versions/3.11.10/lib/python3.11/re/_compiler.py", line 745, in compile
    p = _parser.parse(p, flags)
        ^^^^^^^^^^^^^^^^^^^^^^^
  File "/Users/juananconaflores/.pyenv/versions/3.11.10/lib/python3.11/re/_parser.py", line 989, in parse
    p = _parse_sub(source, state, flags & SRE_FLAG_VERBOSE, 0)
        ^^^^^^^^^^^^^^^^^^^^^^^^^^^^^^^^^^^^^^^^^^^^^^^^^^^^^^
  File "/Users/juananconaflores/.pyenv/versions/3.11.10/lib/python3.11/re/_parser.py", line 464, in _parse_sub
    itemsappend(_parse(source, state, verbose, nested + 1,
                ^^^^^^^^^^^^^^^^^^^^^^^^^^^^^^^^^^^^^^^^^^
  File "/Users/juananconaflores/.pyenv/versions/3.11.10/lib/python3.11/re/_parser.py", line 714, in _parse
    start = source.tell() - 1
            ^^^^^^^^^^^^^
  File "/Users/juananconaflores/.pyenv/versions/3.11.10/lib/python3.11/re/_parser.py", line 293, in tell
    def tell(self):

KeyboardInterrupt
