===============================
Starting analysis at jueves,  6 de noviembre de 2025, 22:56:58 CST
===============================
-e 
[1/3] Running model_test.py for model training...
Traceback (most recent call last):
  File "/Users/juananconaflores/Documents/GitHub/lenstronomy_images/alexnet_test.py", line 221, in <module>
    plot_training_results(metrics, ['mae', 'loss'], MODEL_PATH)
  File "/Users/juananconaflores/Documents/GitHub/lenstronomy_images/alexnet_test.py", line 107, in plot_training_results
    plt.savefig(path + f'{metric_name.lower()}_training_{PRUEBA}.png')
  File "/Users/juananconaflores/.pyenv/versions/project/lib/python3.11/site-packages/matplotlib/pyplot.py", line 1228, in savefig
    res = fig.savefig(*args, **kwargs)  # type: ignore[func-returns-value]
          ^^^^^^^^^^^^^^^^^^^^^^^^^^^^
  File "/Users/juananconaflores/.pyenv/versions/project/lib/python3.11/site-packages/matplotlib/figure.py", line 3395, in savefig
    self.canvas.print_figure(fname, **kwargs)
  File "/Users/juananconaflores/.pyenv/versions/project/lib/python3.11/site-packages/matplotlib/backend_bases.py", line 2204, in print_figure
    result = print_method(
             ^^^^^^^^^^^^^
  File "/Users/juananconaflores/.pyenv/versions/project/lib/python3.11/site-packages/matplotlib/backend_bases.py", line 2054, in <lambda>
    print_method = functools.wraps(meth)(lambda *args, **kwargs: meth(
                                                                 ^^^^^
  File "/Users/juananconaflores/.pyenv/versions/project/lib/python3.11/site-packages/matplotlib/backends/backend_agg.py", line 496, in print_png
    self._print_pil(filename_or_obj, "png", pil_kwargs, metadata)
  File "/Users/juananconaflores/.pyenv/versions/project/lib/python3.11/site-packages/matplotlib/backends/backend_agg.py", line 445, in _print_pil
    mpl.image.imsave(
  File "/Users/juananconaflores/.pyenv/versions/project/lib/python3.11/site-packages/matplotlib/image.py", line 1676, in imsave
    image.save(fname, **pil_kwargs)
  File "/Users/juananconaflores/.pyenv/versions/project/lib/python3.11/site-packages/PIL/Image.py", line 2591, in save
    fp = builtins.open(filename, "w+b")
         ^^^^^^^^^^^^^^^^^^^^^^^^^^^^^^
FileNotFoundError: [Errno 2] No such file or directory: '${PATH:main_path}alexnet_${PATHS:prueba}/mae_training_1.png'
Error during model training. Check the log file for details.
