===============================
Starting analysis at viernes,  7 de noviembre de 2025, 16:36:17 CST
===============================
-e 
[1/3] Skipping model training.
-e 
[2/3] Skipping model testing.
-e 
[3/3] Running results_paper.py for results...
WARNING: All log messages before absl::InitializeLog() is called are written to STDERR
I0000 00:00:1762554984.926667 21933817 pluggable_device_factory.cc:305] Could not identify NUMA node of platform GPU ID 0, defaulting to 0. Your kernel may not have been built with NUMA support.
I0000 00:00:1762554984.926714 21933817 pluggable_device_factory.cc:271] Created TensorFlow device (/job:localhost/replica:0/task:0/device:GPU:0 with 0 MB memory) -> physical PluggableDevice (device: 0, name: METAL, pci bus id: <undefined>)
-------- R2 values --------
theta_E: 0.9096
f_axis: 0.7317
e1: 0.6222
e2: 0.6355
--------Model---------
Traceback (most recent call last):
  File "/Users/juananconaflores/Documents/GitHub/lenstronomy_images/results_paper.py", line 182, in <module>
    for i, label in enumerate(labels):
                              ^^^^^^
NameError: name 'labels' is not defined. Did you mean: 'label'?
Error during results calculation. Check the log file for details.
