===============================
Starting analysis at sábado,  8 de noviembre de 2025, 15:31:21 CST
===============================
-e 
[1/3] Skipping model training.
-e 
[2/3] Running test.py for model testing...
Usando 8 procesos.
Modelo 1:   0%|          | 0/5000 [00:00<?, ?it/s]WARNING: All log messages before absl::InitializeLog() is called are written to STDERR
I0000 00:00:1762637490.764841 22580566 pluggable_device_factory.cc:305] Could not identify NUMA node of platform GPU ID 0, defaulting to 0. Your kernel may not have been built with NUMA support.
I0000 00:00:1762637490.765121 22580566 pluggable_device_factory.cc:271] Created TensorFlow device (/job:localhost/replica:0/task:0/device:GPU:0 with 0 MB memory) -> physical PluggableDevice (device: 0, name: METAL, pci bus id: <undefined>)
WARNING: All log messages before absl::InitializeLog() is called are written to STDERR
I0000 00:00:1762637490.868425 22580562 pluggable_device_factory.cc:305] Could not identify NUMA node of platform GPU ID 0, defaulting to 0. Your kernel may not have been built with NUMA support.
I0000 00:00:1762637490.868470 22580562 pluggable_device_factory.cc:271] Created TensorFlow device (/job:localhost/replica:0/task:0/device:GPU:0 with 0 MB memory) -> physical PluggableDevice (device: 0, name: METAL, pci bus id: <undefined>)
WARNING: All log messages before absl::InitializeLog() is called are written to STDERR
I0000 00:00:1762637490.903808 22580560 pluggable_device_factory.cc:305] Could not identify NUMA node of platform GPU ID 0, defaulting to 0. Your kernel may not have been built with NUMA support.
I0000 00:00:1762637490.903846 22580560 pluggable_device_factory.cc:271] Created TensorFlow device (/job:localhost/replica:0/task:0/device:GPU:0 with 0 MB memory) -> physical PluggableDevice (device: 0, name: METAL, pci bus id: <undefined>)
WARNING: All log messages before absl::InitializeLog() is called are written to STDERR
I0000 00:00:1762637490.916717 22580564 pluggable_device_factory.cc:305] Could not identify NUMA node of platform GPU ID 0, defaulting to 0. Your kernel may not have been built with NUMA support.
I0000 00:00:1762637490.916836 22580564 pluggable_device_factory.cc:271] Created TensorFlow device (/job:localhost/replica:0/task:0/device:GPU:0 with 0 MB memory) -> physical PluggableDevice (device: 0, name: METAL, pci bus id: <undefined>)
WARNING: All log messages before absl::InitializeLog() is called are written to STDERR
I0000 00:00:1762637490.922889 22580570 pluggable_device_factory.cc:305] Could not identify NUMA node of platform GPU ID 0, defaulting to 0. Your kernel may not have been built with NUMA support.
I0000 00:00:1762637490.922961 22580570 pluggable_device_factory.cc:271] Created TensorFlow device (/job:localhost/replica:0/task:0/device:GPU:0 with 0 MB memory) -> physical PluggableDevice (device: 0, name: METAL, pci bus id: <undefined>)
WARNING: All log messages before absl::InitializeLog() is called are written to STDERR
I0000 00:00:1762637490.977898 22580558 pluggable_device_factory.cc:305] Could not identify NUMA node of platform GPU ID 0, defaulting to 0. Your kernel may not have been built with NUMA support.
I0000 00:00:1762637490.977940 22580558 pluggable_device_factory.cc:271] Created TensorFlow device (/job:localhost/replica:0/task:0/device:GPU:0 with 0 MB memory) -> physical PluggableDevice (device: 0, name: METAL, pci bus id: <undefined>)
WARNING: All log messages before absl::InitializeLog() is called are written to STDERR
I0000 00:00:1762637490.978840 22580572 pluggable_device_factory.cc:305] Could not identify NUMA node of platform GPU ID 0, defaulting to 0. Your kernel may not have been built with NUMA support.
I0000 00:00:1762637490.978908 22580572 pluggable_device_factory.cc:271] Created TensorFlow device (/job:localhost/replica:0/task:0/device:GPU:0 with 0 MB memory) -> physical PluggableDevice (device: 0, name: METAL, pci bus id: <undefined>)
WARNING: All log messages before absl::InitializeLog() is called are written to STDERR
I0000 00:00:1762637490.979965 22580568 pluggable_device_factory.cc:305] Could not identify NUMA node of platform GPU ID 0, defaulting to 0. Your kernel may not have been built with NUMA support.
I0000 00:00:1762637490.980119 22580568 pluggable_device_factory.cc:271] Created TensorFlow device (/job:localhost/replica:0/task:0/device:GPU:0 with 0 MB memory) -> physical PluggableDevice (device: 0, name: METAL, pci bus id: <undefined>)
Modelo 1:   0%|          | 0/5000 [00:06<?, ?it/s]
multiprocessing.pool.RemoteTraceback: 
"""
Traceback (most recent call last):
  File "/Users/juananconaflores/.pyenv/versions/3.11.10/lib/python3.11/multiprocessing/pool.py", line 125, in worker
    result = (True, func(*args, **kwds))
                    ^^^^^^^^^^^^^^^^^^^
  File "/Users/juananconaflores/Documents/GitHub/lenstronomy_images/test.py", line 47, in process_image
    model = load_model(model_path, custom_objects={'loss': custom_loss})
            ^^^^^^^^^^^^^^^^^^^^^^^^^^^^^^^^^^^^^^^^^^^^^^^^^^^^^^^^^^^^
  File "/Users/juananconaflores/.pyenv/versions/project/lib/python3.11/site-packages/keras/src/saving/saving_api.py", line 189, in load_model
    return saving_lib.load_model(
           ^^^^^^^^^^^^^^^^^^^^^^
  File "/Users/juananconaflores/.pyenv/versions/project/lib/python3.11/site-packages/keras/src/saving/saving_lib.py", line 367, in load_model
    return _load_model_from_fileobj(
           ^^^^^^^^^^^^^^^^^^^^^^^^^
  File "/Users/juananconaflores/.pyenv/versions/project/lib/python3.11/site-packages/keras/src/saving/saving_lib.py", line 444, in _load_model_from_fileobj
    model = _model_from_config(
            ^^^^^^^^^^^^^^^^^^^
  File "/Users/juananconaflores/.pyenv/versions/project/lib/python3.11/site-packages/keras/src/saving/saving_lib.py", line 433, in _model_from_config
    model = deserialize_keras_object(
            ^^^^^^^^^^^^^^^^^^^^^^^^^
  File "/Users/juananconaflores/.pyenv/versions/project/lib/python3.11/site-packages/keras/src/saving/serialization_lib.py", line 734, in deserialize_keras_object
    instance.compile_from_config(compile_config)
  File "/Users/juananconaflores/.pyenv/versions/project/lib/python3.11/site-packages/keras/src/trainers/trainer.py", line 971, in compile_from_config
    config = serialization_lib.deserialize_keras_object(config)
             ^^^^^^^^^^^^^^^^^^^^^^^^^^^^^^^^^^^^^^^^^^^^^^^^^^
  File "/Users/juananconaflores/.pyenv/versions/project/lib/python3.11/site-packages/keras/src/saving/serialization_lib.py", line 594, in deserialize_keras_object
    return {
           ^
  File "/Users/juananconaflores/.pyenv/versions/project/lib/python3.11/site-packages/keras/src/saving/serialization_lib.py", line 595, in <dictcomp>
    key: deserialize_keras_object(
         ^^^^^^^^^^^^^^^^^^^^^^^^^
  File "/Users/juananconaflores/.pyenv/versions/project/lib/python3.11/site-packages/keras/src/saving/serialization_lib.py", line 519, in deserialize_keras_object
    return [
           ^
  File "/Users/juananconaflores/.pyenv/versions/project/lib/python3.11/site-packages/keras/src/saving/serialization_lib.py", line 520, in <listcomp>
    deserialize_keras_object(
  File "/Users/juananconaflores/.pyenv/versions/project/lib/python3.11/site-packages/keras/src/saving/serialization_lib.py", line 678, in deserialize_keras_object
    return _retrieve_class_or_fn(
           ^^^^^^^^^^^^^^^^^^^^^^
  File "/Users/juananconaflores/.pyenv/versions/project/lib/python3.11/site-packages/keras/src/saving/serialization_lib.py", line 810, in _retrieve_class_or_fn
    raise TypeError(
TypeError: Could not locate function 'relative_error_porcentual'. Make sure custom classes are decorated with `@keras.saving.register_keras_serializable()`. Full object config: {'module': 'builtins', 'class_name': 'function', 'config': 'relative_error_porcentual', 'registered_name': 'function'}
"""

The above exception was the direct cause of the following exception:

Traceback (most recent call last):
  File "/Users/juananconaflores/Documents/GitHub/lenstronomy_images/test.py", line 115, in <module>
    list(tqdm(pool.imap_unordered(process_image, args_list),
  File "/Users/juananconaflores/.pyenv/versions/project/lib/python3.11/site-packages/tqdm/std.py", line 1181, in __iter__
    for obj in iterable:
  File "/Users/juananconaflores/.pyenv/versions/3.11.10/lib/python3.11/multiprocessing/pool.py", line 873, in next
    raise value
TypeError: Could not locate function 'relative_error_porcentual'. Make sure custom classes are decorated with `@keras.saving.register_keras_serializable()`. Full object config: {'module': 'builtins', 'class_name': 'function', 'config': 'relative_error_porcentual', 'registered_name': 'function'}
Error during model testing. Check the log file for details.
