-e {YELLOW}==============================={NC}
-e {YELLOW}Starting analysis at viernes, 28 de noviembre de 2025, 09:28:22 -03{NC}
-e {YELLOW}==============================={NC}

[1/4] Skipping model training.

[2/4] Skipping model testing.

[3/4] Running results_paper.py for results...
Reading CSV: ./csst_catalog/test14/alexnet_1/predictions_vs_real.csv
-------- R² values --------
theta_E: 0.9669
f_axis: 0.9221
e1: 0.9458
e2: 0.9442
Analysis complete. All plots and metrics saved.
-e {GREEN}Results calculation completed successfully.{NC}

[4/4] Running compare_images.py for PSNR comparison...
WARNING: All log messages before absl::InitializeLog() is called are written to STDERR
I0000 00:00:1764332910.422142 2127434 pluggable_device_factory.cc:305] Could not identify NUMA node of platform GPU ID 0, defaulting to 0. Your kernel may not have been built with NUMA support.
I0000 00:00:1764332910.422182 2127434 pluggable_device_factory.cc:271] Created TensorFlow device (/job:localhost/replica:0/task:0/device:GPU:0 with 0 MB memory) -> physical PluggableDevice (device: 0, name: METAL, pci bus id: <undefined>)
Image: 2019 from ./csst_catalog/test14/alexnet_1/original/lenses_original.tfrecord
========== Results from image 2019 ==========
--- Robust Z-score ---
--- Robust Min-Max (p1–p99) ---
--- Robust Affine (img2→img1) ---
MSE Z-score: 8.75956
MSE Min-Max: 0.000771246
MSE Affine:  11.8383 

Image saved in ./csst_catalog/test14/alexnet_1/

-e {GREEN}PSNR comparison completed successfully.{NC}
-e 
{YELLOW}==============================={NC}
-e {YELLOW}Analysis completed at viernes, 28 de noviembre de 2025, 09:28:32 -03{NC}
-e {YELLOW}==============================={NC}
