===============================
Starting analysis at viernes,  7 de noviembre de 2025, 16:39:58 CST
===============================
-e 
[1/3] Skipping model training.
-e 
[2/3] Skipping model testing.
-e 
[3/3] Running results_paper.py for results...
WARNING: All log messages before absl::InitializeLog() is called are written to STDERR
I0000 00:00:1762555205.948623 21937667 pluggable_device_factory.cc:305] Could not identify NUMA node of platform GPU ID 0, defaulting to 0. Your kernel may not have been built with NUMA support.
I0000 00:00:1762555205.948670 21937667 pluggable_device_factory.cc:271] Created TensorFlow device (/job:localhost/replica:0/task:0/device:GPU:0 with 0 MB memory) -> physical PluggableDevice (device: 0, name: METAL, pci bus id: <undefined>)
-------- R2 values --------
theta_E: 0.9096
f_axis: 0.7317
e1: 0.6222
e2: 0.6355
--------Model---------
theta_E: min: 0.0016, max: 34.0260, mean: 9.2995, std: 7.6302
theta_E: q90: 20.8430
theta_E: q1: 3.3421, 
q3: 13.1529, 
q2: 9.8108


f_axis: min: 0.0001, max: 27.1402, mean: 8.2824, std: 6.3463
f_axis: q90: 17.9090
f_axis: q1: 3.0838, 
q3: 12.0541, 
q2: 8.9703


e1: min: 0.0183, max: 232.3538, mean: 66.3291, std: 50.2602
e1: q90: 134.6368
e1: q1: 25.2828, 
q3: 95.9599, 
q2: 70.6771


e2: min: 0.0113, max: 238.7965, mean: 64.6398, std: 52.5797
e2: q90: 139.7195
e2: q1: 21.4021, 
q3: 95.1911, 
q2: 73.7890


Results calculation completed successfully.
-e 
===============================
Analysis completed at viernes,  7 de noviembre de 2025, 16:40:08 CST
===============================
