===============================
Starting analysis at lunes, 10 de noviembre de 2025, 11:34:39 CST
===============================
-e 
[1/3] Running model_test.py for model training...
WARNING: All log messages before absl::InitializeLog() is called are written to STDERR
I0000 00:00:1762796136.276822 23281690 pluggable_device_factory.cc:305] Could not identify NUMA node of platform GPU ID 0, defaulting to 0. Your kernel may not have been built with NUMA support.
I0000 00:00:1762796136.277340 23281690 pluggable_device_factory.cc:271] Created TensorFlow device (/job:localhost/replica:0/task:0/device:GPU:0 with 0 MB memory) -> physical PluggableDevice (device: 0, name: METAL, pci bus id: <undefined>)
Train Data size :(50000, 100, 100, 1) 
 Train Labels size :(50000, 4)
--------Inicia prueba--------

Dropout 1: 0.3, Dropout 2: 0.2

Input Shape: (100, 100, 1)

Epochs: 16

Model path: ./csst_catalog/test9/alexnet_1/

Learning Rate: 0.0001

Traceback (most recent call last):
  File "/Users/juananconaflores/Documents/GitHub/lenstronomy_images/alexnet_test.py", line 191, in <module>
    main()
  File "/Users/juananconaflores/Documents/GitHub/lenstronomy_images/alexnet_test.py", line 151, in main
    tf.metrics.mean_absolute_percentage_error()])
    ^^^^^^^^^^^^^^^^^^^^^^^^^^^^^^^^^^^^^^^^^
  File "/Users/juananconaflores/.pyenv/versions/project/lib/python3.11/site-packages/tensorflow/python/util/lazy_loader.py", line 211, in __getattr__
    return getattr(module, item)
           ^^^^^^^^^^^^^^^^^^^^^
AttributeError: module 'keras._tf_keras.keras.metrics' has no attribute 'mean_absolute_percentage_error'. Did you mean: 'MeanAbsolutePercentageError'?
Error during model training. Check the log file for details.
