===============================
Starting analysis at domingo, 16 de noviembre de 2025, 15:08:18 CST
===============================

[1/4] Skipping model training.

[2/4] Skipping model testing.

[3/4] Running results_paper.py for results...
WARNING: All log messages before absl::InitializeLog() is called are written to STDERR
I0000 00:00:1763327302.232665 27206108 pluggable_device_factory.cc:305] Could not identify NUMA node of platform GPU ID 0, defaulting to 0. Your kernel may not have been built with NUMA support.
I0000 00:00:1763327302.232697 27206108 pluggable_device_factory.cc:271] Created TensorFlow device (/job:localhost/replica:0/task:0/device:GPU:0 with 0 MB memory) -> physical PluggableDevice (device: 0, name: METAL, pci bus id: <undefined>)
Reading CSV: ./csst_catalog/test11/alexnet_3/predictions_vs_real.csv
-------- R² values --------
theta_E: 0.3021
f_axis: -0.1311
e1: 0.1786
e2: -0.4456
Analysis complete. All plots and metrics saved.
Results calculation completed successfully.

[4/4] Running compare_images.py for PSNR comparison...
WARNING: All log messages before absl::InitializeLog() is called are written to STDERR
I0000 00:00:1763327307.310523 27206542 pluggable_device_factory.cc:305] Could not identify NUMA node of platform GPU ID 0, defaulting to 0. Your kernel may not have been built with NUMA support.
I0000 00:00:1763327307.310565 27206542 pluggable_device_factory.cc:271] Created TensorFlow device (/job:localhost/replica:0/task:0/device:GPU:0 with 0 MB memory) -> physical PluggableDevice (device: 0, name: METAL, pci bus id: <undefined>)
Image: 883 from ./csst_catalog/test11/alexnet_3/original/lenses_original.tfrecord
========== Results from image 883 ==========
--- Robust Z-score ---
--- Robust Min-Max (p1–p99) ---
--- Robust Affine (img2→img1) ---
MSE Z-score: 710.743
MSE Min-Max: 0.0956512
MSE Affine:  53.6342 

Image saved in ./csst_catalog/test11/alexnet_3/

PSNR comparison completed successfully.

===============================
Analysis completed at domingo, 16 de noviembre de 2025, 15:08:29 CST
===============================
