===============================
Starting analysis at jueves, 13 de noviembre de 2025, 00:53:23 CST
===============================

[1/4] Skipping model training.

[2/4] Running test.py for model testing...
WARNING: All log messages before absl::InitializeLog() is called are written to STDERR
I0000 00:00:1763016806.769531 25520237 pluggable_device_factory.cc:305] Could not identify NUMA node of platform GPU ID 0, defaulting to 0. Your kernel may not have been built with NUMA support.
I0000 00:00:1763016806.769565 25520237 pluggable_device_factory.cc:271] Created TensorFlow device (/job:localhost/replica:0/task:0/device:GPU:0 with 0 MB memory) -> physical PluggableDevice (device: 0, name: METAL, pci bus id: <undefined>)
2025-11-13 00:53:26.838174: W tensorflow/core/framework/op_kernel.cc:1857] OP_REQUIRES failed at example_parsing_ops.cc:98 : INVALID_ARGUMENT: Feature: f_s (data type: float) is required but could not be found.
2025-11-13 00:53:26.839191: W tensorflow/core/framework/op_kernel.cc:1857] OP_REQUIRES failed at example_parsing_ops.cc:98 : INVALID_ARGUMENT: Feature: f_s (data type: float) is required but could not be found.
2025-11-13 00:53:26.839233: W tensorflow/core/framework/op_kernel.cc:1857] OP_REQUIRES failed at example_parsing_ops.cc:98 : INVALID_ARGUMENT: Feature: f_s (data type: float) is required but could not be found.
2025-11-13 00:53:26.839248: W tensorflow/core/framework/op_kernel.cc:1857] OP_REQUIRES failed at example_parsing_ops.cc:98 : INVALID_ARGUMENT: Feature: f_s (data type: float) is required but could not be found.
2025-11-13 00:53:26.839285: W tensorflow/core/framework/op_kernel.cc:1857] OP_REQUIRES failed at example_parsing_ops.cc:98 : INVALID_ARGUMENT: Feature: f_s (data type: float) is required but could not be found.
2025-11-13 00:53:26.839307: W tensorflow/core/framework/op_kernel.cc:1857] OP_REQUIRES failed at example_parsing_ops.cc:98 : INVALID_ARGUMENT: Feature: f_s (data type: float) is required but could not be found.
Loading dataset from ./csst_catalog/tfrecords/test/
Traceback (most recent call last):
  File "/Users/juananconaflores/Documents/GitHub/lenstronomy_images/test.py", line 86, in <module>
    all_data = list(dataset.unbatch().take(5000))
               ^^^^^^^^^^^^^^^^^^^^^^^^^^^^^^^^^^
  File "/Users/juananconaflores/.pyenv/versions/project/lib/python3.11/site-packages/tensorflow/python/data/ops/iterator_ops.py", line 826, in __next__
2025-11-13 00:53:26.839759: W tensorflow/core/framework/op_kernel.cc:1857] OP_REQUIRES failed at example_parsing_ops.cc:98 : INVALID_ARGUMENT: Feature: f_s (data type: float) is required but could not be found.
2025-11-13 00:53:26.839764: W tensorflow/core/framework/op_kernel.cc:1857] OP_REQUIRES failed at example_parsing_ops.cc:98 : INVALID_ARGUMENT: Feature: f_s (data type: float) is required but could not be found.
2025-11-13 00:53:26.839806: W tensorflow/core/framework/op_kernel.cc:1857] OP_REQUIRES failed at example_parsing_ops.cc:98 : INVALID_ARGUMENT: Feature: f_s (data type: float) is required but could not be found.
2025-11-13 00:53:26.839863: W tensorflow/core/framework/op_kernel.cc:1857] OP_REQUIRES failed at example_parsing_ops.cc:98 : INVALID_ARGUMENT: Feature: f_s (data type: float) is required but could not be found.
2025-11-13 00:53:26.839899: W tensorflow/core/framework/op_kernel.cc:1857] OP_REQUIRES failed at example_parsing_ops.cc:98 : INVALID_ARGUMENT: Feature: f_s (data type: float) is required but could not be found.
2025-11-13 00:53:26.839909: W tensorflow/core/framework/op_kernel.cc:1857] OP_REQUIRES failed at example_parsing_ops.cc:98 : INVALID_ARGUMENT: Feature: f_s (data type: float) is required but could not be found.
2025-11-13 00:53:26.840368: W tensorflow/core/framework/op_kernel.cc:1857] OP_REQUIRES failed at example_parsing_ops.cc:98 : INVALID_ARGUMENT: Feature: f_s (data type: float) is required but could not be found.
2025-11-13 00:53:26.840377: W tensorflow/core/framework/op_kernel.cc:1857] OP_REQUIRES failed at example_parsing_ops.cc:98 : INVALID_ARGUMENT: Feature: f_s (data type: float) is required but could not be found.
2025-11-13 00:53:26.840395: W tensorflow/core/framework/op_kernel.cc:1857] OP_REQUIRES failed at example_parsing_ops.cc:98 : INVALID_ARGUMENT: Feature: f_s (data type: float) is required but could not be found.
2025-11-13 00:53:26.840535: W tensorflow/core/framework/op_kernel.cc:1857] OP_REQUIRES failed at example_parsing_ops.cc:98 : INVALID_ARGUMENT: Feature: f_s (data type: float) is required but could not be found.
2025-11-13 00:53:26.840587: W tensorflow/core/framework/op_kernel.cc:1857] OP_REQUIRES failed at example_parsing_ops.cc:98 : INVALID_ARGUMENT: Feature: f_s (data type: float) is required but could not be found.
2025-11-13 00:53:26.840613: W tensorflow/core/framework/op_kernel.cc:1857] OP_REQUIRES failed at example_parsing_ops.cc:98 : INVALID_ARGUMENT: Feature: f_s (data type: float) is required but could not be found.
2025-11-13 00:53:26.840628: W tensorflow/core/framework/op_kernel.cc:1857] OP_REQUIRES failed at example_parsing_ops.cc:98 : INVALID_ARGUMENT: Feature: f_s (data type: float) is required but could not be found.
2025-11-13 00:53:26.840636: W tensorflow/core/framework/op_kernel.cc:1857] OP_REQUIRES failed at example_parsing_ops.cc:98 : INVALID_ARGUMENT: Feature: f_s (data type: float) is required but could not be found.
    return self._next_internal()
           ^^^^^^^^^^^^^^^^^^^^^
  File "/Users/juananconaflores/.pyenv/versions/project/lib/python3.11/site-packages/tensorflow/python/data/ops/iterator_ops.py", line 776, in _next_internal
    ret = gen_dataset_ops.iterator_get_next(
          ^^^^^^^^^^^^^^^^^^^^^^^^^^^^^^^^^^
  File "/Users/juananconaflores/.pyenv/versions/project/lib/python3.11/site-packages/tensorflow/python/ops/gen_dataset_ops.py", line 3086, in iterator_get_next
    _ops.raise_from_not_ok_status(e, name)
  File "/Users/juananconaflores/.pyenv/versions/project/lib/python3.11/site-packages/tensorflow/python/framework/ops.py", line 6006, in raise_from_not_ok_status
    raise core._status_to_exception(e) from None  # pylint: disable=protected-access
    ^^^^^^^^^^^^^^^^^^^^^^^^^^^^^^^^^^^^^^^^^^^^
tensorflow.python.framework.errors_impl.InvalidArgumentError: {{function_node __wrapped__IteratorGetNext_output_types_15_device_/job:localhost/replica:0/task:0/device:CPU:0}} Feature: f_s (data type: float) is required but could not be found.
	 [[{{node ParseSingleExample/ParseExample/ParseExampleV2}}]] [Op:IteratorGetNext] name: 
Error during model testing. Check the log file for details.
