===============================
Starting analysis at lunes, 10 de noviembre de 2025, 09:42:15 CST
===============================
-e 
[1/3] Running model_test.py for model training...
WARNING: All log messages before absl::InitializeLog() is called are written to STDERR
I0000 00:00:1762789338.906561 23196088 pluggable_device_factory.cc:305] Could not identify NUMA node of platform GPU ID 0, defaulting to 0. Your kernel may not have been built with NUMA support.
I0000 00:00:1762789338.906595 23196088 pluggable_device_factory.cc:271] Created TensorFlow device (/job:localhost/replica:0/task:0/device:GPU:0 with 0 MB memory) -> physical PluggableDevice (device: 0, name: METAL, pci bus id: <undefined>)
--------Inicia prueba--------

Dropout 1: 0.3, Dropout 2: 0.2

Input Shape: (100, 100, 1)

Epochs: 16

Model path: ./csst_catalog/test9/alexnet_1/

Learning Rate: 0.0001

Imágenes de entrenamiento: -100000
Imágenes de validación: -100000
Imágenes de prueba: -10000
Epoch 1/16
2025-11-10 09:42:20.496919: W tensorflow/core/framework/op_kernel.cc:1857] OP_REQUIRES failed at example_parsing_ops.cc:98 : INVALID_ARGUMENT: Feature: f_axis (data type: float) is required but could not be found.
2025-11-10 09:42:20.496951: W tensorflow/core/framework/op_kernel.cc:1857] OP_REQUIRES failed at example_parsing_ops.cc:98 : INVALID_ARGUMENT: Feature: f_axis (data type: float) is required but could not be found.
2025-11-10 09:42:20.496967: W tensorflow/core/framework/op_kernel.cc:1857] OP_REQUIRES failed at example_parsing_ops.cc:98 : INVALID_ARGUMENT: Feature: f_axis (data type: float) is required but could not be found.
2025-11-10 09:42:20.496977: W tensorflow/core/framework/op_kernel.cc:1857] OP_REQUIRES failed at example_parsing_ops.cc:98 : INVALID_ARGUMENT: Feature: f_axis (data type: float) is required but could not be found.
2025-11-10 09:42:20.496986: W tensorflow/core/framework/op_kernel.cc:1857] OP_REQUIRES failed at example_parsing_ops.cc:98 : INVALID_ARGUMENT: Feature: f_axis (data type: float) is required but could not be found.
2025-11-10 09:42:20.497005: W tensorflow/core/framework/op_kernel.cc:1857] OP_REQUIRES failed at example_parsing_ops.cc:98 : INVALID_ARGUMENT: Feature: f_axis (data type: float) is required but could not be found.
2025-11-10 09:42:20.497036: W tensorflow/core/framework/op_kernel.cc:1857] OP_REQUIRES failed at example_parsing_ops.cc:98 : INVALID_ARGUMENT: Feature: f_axis (data type: float) is required but could not be found.
2025-11-10 09:42:20.497058: W tensorflow/core/framework/op_kernel.cc:1857] OP_REQUIRES failed at example_parsing_ops.cc:98 : INVALID_ARGUMENT: Feature: f_axis (data type: float) is required but could not be found.
2025-11-10 09:42:20.497068: W tensorflow/core/framework/op_kernel.cc:1857] OP_REQUIRES failed at example_parsing_ops.cc:98 : INVALID_ARGUMENT: Feature: f_axis (data type: float) is required but could not be found.
2025-11-10 09:42:20.497120: W tensorflow/core/framework/op_kernel.cc:1857] OP_REQUIRES failed at example_parsing_ops.cc:98 : INVALID_ARGUMENT: Feature: f_axis (data type: float) is required but could not be found.
Traceback (most recent call last):
  File "/Users/juananconaflores/Documents/GitHub/lenstronomy_images/alexnet_test.py", line 254, in <module>
    main()
  File "/Users/juananconaflores/Documents/GitHub/lenstronomy_images/alexnet_test.py", line 211, in main
    history = model.fit(train_dataset,
              ^^^^^^^^^^^^^^^^^^^^^^^^
  File "/Users/juananconaflores/.pyenv/versions/project/lib/python3.11/site-packages/keras/src/utils/traceback_utils.py", line 122, in error_handler
    raise e.with_traceback(filtered_tb) from None
  File "/Users/juananconaflores/.pyenv/versions/project/lib/python3.11/site-packages/tensorflow/python/eager/execute.py", line 53, in quick_execute
    tensors = pywrap_tfe.TFE_Py_Execute(ctx._handle, device_name, op_name,
  ^^^^^^^^^^^^^^^^^^^^^^^^^^^^^^^^^^^^^^^^^^^^^^^^^^^^^^^^^^^^^^^^^^^^^^^^
tensorflow.python.framework.errors_impl.InvalidArgumentError: Graph execution error:

Detected at node ParseSingleExample/ParseExample/ParseExampleV2 defined at (most recent call last):
<stack traces unavailable>
Detected at node ParseSingleExample/ParseExample/ParseExampleV2 defined at (most recent call last):
<stack traces unavailable>
2 root error(s) found.
  (0) INVALID_ARGUMENT:  Error in user-defined function passed to ParallelMapDatasetV2:2 transformation with iterator: Iterator::Root::Prefetch::BatchV2::Shuffle::FiniteTake::ParallelMapV2: Feature: f_axis (data type: float) is required but could not be found.
	 [[{{node ParseSingleExample/ParseExample/ParseExampleV2}}]]
	 [[IteratorGetNext]]
	 [[StatefulPartitionedCall/nadam/Add_29/_192]]
  (1) INVALID_ARGUMENT:  Error in user-defined function passed to ParallelMapDatasetV2:2 transformation with iterator: Iterator::Root::Prefetch::BatchV2::Shuffle::FiniteTake::ParallelMapV2: Feature: f_axis (data type: float) is required but could not be found.
	 [[{{node ParseSingleExample/ParseExample/ParseExampleV2}}]]
	 [[IteratorGetNext]]
0 successful operations.
0 derived errors ignored. [Op:__inference_multi_step_on_iterator_8060]
Error during model training. Check the log file for details.
