===============================
Starting analysis at lunes, 10 de noviembre de 2025, 09:38:56 CST
===============================
-e 
[1/3] Running model_test.py for model training...
Error loading TFRecord data: load_tfrecord_data() got multiple values for argument 'batch_size'
Model training completed successfully.
-e 
[2/3] Running test.py for model testing...
Usando 8 procesos.
Modelo 1:   0%|          | 0/5000 [00:00<?, ?it/s]Modelo 1:   0%|          | 0/5000 [00:02<?, ?it/s]
Traceback (most recent call last):
  File "/Users/juananconaflores/.pyenv/versions/3.11.10/lib/python3.11/multiprocessing/pool.py", line 856, in next
    item = self._items.popleft()
           ^^^^^^^^^^^^^^^^^^^^^
IndexError: pop from an empty deque

During handling of the above exception, another exception occurred:

Traceback (most recent call last):
  File "/Users/juananconaflores/Documents/GitHub/lenstronomy_images/test.py", line 118, in <module>
    list(tqdm(pool.imap_unordered(process_image, args_list),
  File "/Users/juananconaflores/.pyenv/versions/project/lib/python3.11/site-packages/tqdm/std.py", line 1181, in __iter__
    for obj in iterable:
  File "/Users/juananconaflores/.pyenv/versions/3.11.10/lib/python3.11/multiprocessing/pool.py", line 861, in next
    self._cond.wait(timeout)
  File "/Users/juananconaflores/.pyenv/versions/3.11.10/lib/python3.11/threading.py", line 327, in wait
    waiter.acquire()
KeyboardInterrupt
