===============================
Starting analysis at martes, 18 de noviembre de 2025, 07:18:26 CST
===============================

[1/4] Skipping model training.

[2/4] Skipping model testing.

[3/4] Running results_paper.py for results...
Reading CSV: ./csst_catalog/test12/alexnet_3/predictions_vs_real.csv
-------- R² values --------
theta_E: -0.7535
f_axis: -6.5768
e1: -3.5197
e2: -0.4188
Analysis complete. All plots and metrics saved.
Results calculation completed successfully.

[4/4] Running compare_images.py for PSNR comparison...
WARNING: All log messages before absl::InitializeLog() is called are written to STDERR
I0000 00:00:1763471916.375133 28043363 pluggable_device_factory.cc:305] Could not identify NUMA node of platform GPU ID 0, defaulting to 0. Your kernel may not have been built with NUMA support.
I0000 00:00:1763471916.375190 28043363 pluggable_device_factory.cc:271] Created TensorFlow device (/job:localhost/replica:0/task:0/device:GPU:0 with 0 MB memory) -> physical PluggableDevice (device: 0, name: METAL, pci bus id: <undefined>)
Image: 473 from ./csst_catalog/test12/alexnet_3/original/lenses_original.tfrecord
========== Results from image 473 ==========
--- Robust Z-score ---
Traceback (most recent call last):
  File "/Users/juananconaflores/Documents/GitHub/lenstronomy_images/compare_images.py", line 213, in <module>
    main()
  File "/Users/juananconaflores/Documents/GitHub/lenstronomy_images/compare_images.py", line 198, in main
    mse_A = compare_and_plot(n1_a, n2_a, original_hdr, predicted_hdr, 'Z-score', f'robust_Z-score')
            ^^^^^^^^^^^^^^^^^^^^^^^^^^^^^^^^^^^^^^^^^^^^^^^^^^^^^^^^^^^^^^^^^^^^^^^^^^^^^^^^^^^^^^^
  File "/Users/juananconaflores/Documents/GitHub/lenstronomy_images/compare_images.py", line 138, in compare_and_plot
    circle_original = patch.Circle((0.0, 0.0), radius = original_hdr['theta_E'], facecolor='none', edgecolor='blue', lw=1.5)
                      ^^^^^
NameError: name 'patch' is not defined. Did you mean: 'patches'?
Error during PSNR comparison. Check the log file for details.
