===============================
Starting analysis at viernes,  7 de noviembre de 2025, 18:28:08 CST
===============================
-e 
[1/3] Skipping model training.
-e 
[2/3] Skipping model testing.
-e 
[3/3] Running results_paper.py for results...
Traceback (most recent call last):
  File "/Users/juananconaflores/Documents/GitHub/lenstronomy_images/results_paper.py", line 74, in <module>
    predictions_file = fits.open(MODEL_PATH + f'predictions/lens_{i+1}.fits')
                       ^^^^^^^^^^^^^^^^^^^^^^^^^^^^^^^^^^^^^^^^^^^^^^^^^^^^^^
  File "/Users/juananconaflores/.pyenv/versions/project/lib/python3.11/site-packages/astropy/io/fits/hdu/hdulist.py", line 223, in fitsopen
    return HDUList.fromfile(
           ^^^^^^^^^^^^^^^^^
  File "/Users/juananconaflores/.pyenv/versions/project/lib/python3.11/site-packages/astropy/io/fits/hdu/hdulist.py", line 487, in fromfile
    return cls._readfrom(
           ^^^^^^^^^^^^^^
  File "/Users/juananconaflores/.pyenv/versions/project/lib/python3.11/site-packages/astropy/io/fits/hdu/hdulist.py", line 1169, in _readfrom
    fileobj = _File(
              ^^^^^^
  File "/Users/juananconaflores/.pyenv/versions/project/lib/python3.11/site-packages/astropy/io/fits/file.py", line 218, in __init__
    self._open_filename(fileobj, mode, overwrite)
  File "/Users/juananconaflores/.pyenv/versions/project/lib/python3.11/site-packages/astropy/io/fits/file.py", line 651, in _open_filename
    self._file = open(self.name, IO_FITS_MODES[mode])
                 ^^^^^^^^^^^^^^^^^^^^^^^^^^^^^^^^^^^^
FileNotFoundError: [Errno 2] No such file or directory: './csst_catalog/test8/alexnet_3/predictions/lens_3770.fits'
Error during results calculation. Check the log file for details.
