===============================
Starting analysis at miércoles, 19 de noviembre de 2025, 22:48:36 CST
===============================

[1/4] Skipping model training.

[2/4] Skipping model testing.

[3/4] Running results_paper.py for results...
/Users/juananconaflores/Documents/GitHub/lenstronomy_images/results_paper.py:178: UserWarning: Tight layout not applied. The bottom and top margins cannot be made large enough to accommodate all Axes decorations.
  plt.tight_layout()
Reading CSV: ./csst_catalog/test13/alexnet_1/predictions_vs_real.csv
-------- R² values --------
theta_E: 0.9456
f_axis: 0.8732
e1: 0.9158
e2: 0.8514
Analysis complete. All plots and metrics saved.
Results calculation completed successfully.

[4/4] Running compare_images.py for PSNR comparison...
WARNING: All log messages before absl::InitializeLog() is called are written to STDERR
I0000 00:00:1763614124.931274 29436197 pluggable_device_factory.cc:305] Could not identify NUMA node of platform GPU ID 0, defaulting to 0. Your kernel may not have been built with NUMA support.
I0000 00:00:1763614124.931314 29436197 pluggable_device_factory.cc:271] Created TensorFlow device (/job:localhost/replica:0/task:0/device:GPU:0 with 0 MB memory) -> physical PluggableDevice (device: 0, name: METAL, pci bus id: <undefined>)
Image: 2019 from ./csst_catalog/test13/alexnet_1/original/lenses_original.tfrecord
========== Results from image 2019 ==========
--- Robust Z-score ---
--- Robust Min-Max (p1–p99) ---
--- Robust Affine (img2→img1) ---
MSE Z-score: 108.011
MSE Min-Max: 0.0107675
MSE Affine:  146.592 

Image saved in ./csst_catalog/test13/alexnet_1/

PSNR comparison completed successfully.

===============================
Analysis completed at miércoles, 19 de noviembre de 2025, 22:48:47 CST
===============================
