-e {YELLOW}==============================={NC}
-e {YELLOW}Starting analysis at jueves, 27 de noviembre de 2025, 08:24:41 -03{NC}
-e {YELLOW}==============================={NC}

[1/4] Skipping model training.

[2/4] Running test.py for model testing...
WARNING: All log messages before absl::InitializeLog() is called are written to STDERR
I0000 00:00:1764242685.773443 1680461 pluggable_device_factory.cc:305] Could not identify NUMA node of platform GPU ID 0, defaulting to 0. Your kernel may not have been built with NUMA support.
I0000 00:00:1764242685.773482 1680461 pluggable_device_factory.cc:271] Created TensorFlow device (/job:localhost/replica:0/task:0/device:GPU:0 with 0 MB memory) -> physical PluggableDevice (device: 0, name: METAL, pci bus id: <undefined>)
Loading dataset from ./csst_catalog/tfrecords/test/
Total Dataset: 5000
Loading model from ./csst_catalog/test14/alexnet_1/alexnet_paper_1.keras
Traceback (most recent call last):
  File "/Users/juananconaflores/Documents/GitHub/lenstronomy_images/test.py", line 121, in <module>
    custom_loss = get_weighted_loss(weights, num_outputs=len(LABELS))
                  ^^^^^^^^^^^^^^^^^^^^^^^^^^^^^^^^^^^^^^^^^^^^^^^^^^^
  File "/Users/juananconaflores/.pyenv/versions/project/lib/python3.11/site-packages/tensorflow/python/util/traceback_utils.py", line 153, in error_handler
    raise e.with_traceback(filtered_tb) from None
  File "/Users/juananconaflores/.pyenv/versions/project/lib/python3.11/site-packages/tensorflow/python/framework/func_graph.py", line 1049, in convert
    raise TypeError(
TypeError: To be compatible with tf.function, Python functions must return zero or more Tensors or ExtensionTypes or None values; in compilation of <function get_weighted_loss at 0x151f40040>, found return value of type function, which is not a Tensor or ExtensionType.
-e {RED}Error during model testing. Check the log file for details.{NC}
