===============================
Starting analysis at domingo, 16 de noviembre de 2025, 15:10:12 CST
===============================

[1/4] Skipping model training.

[2/4] Skipping model testing.

[3/4] Running results_paper.py for results...
WARNING: All log messages before absl::InitializeLog() is called are written to STDERR
I0000 00:00:1763327416.112234 27213539 pluggable_device_factory.cc:305] Could not identify NUMA node of platform GPU ID 0, defaulting to 0. Your kernel may not have been built with NUMA support.
I0000 00:00:1763327416.112267 27213539 pluggable_device_factory.cc:271] Created TensorFlow device (/job:localhost/replica:0/task:0/device:GPU:0 with 0 MB memory) -> physical PluggableDevice (device: 0, name: METAL, pci bus id: <undefined>)
Reading CSV: ./csst_catalog/test11/alexnet_2/predictions_vs_real.csv
-------- R² values --------
theta_E: 0.9087
f_axis: 0.7546
e1: 0.8810
e2: 0.8142
Analysis complete. All plots and metrics saved.
Results calculation completed successfully.

[4/4] Running compare_images.py for PSNR comparison...
WARNING: All log messages before absl::InitializeLog() is called are written to STDERR
I0000 00:00:1763327421.171837 27213925 pluggable_device_factory.cc:305] Could not identify NUMA node of platform GPU ID 0, defaulting to 0. Your kernel may not have been built with NUMA support.
I0000 00:00:1763327421.171877 27213925 pluggable_device_factory.cc:271] Created TensorFlow device (/job:localhost/replica:0/task:0/device:GPU:0 with 0 MB memory) -> physical PluggableDevice (device: 0, name: METAL, pci bus id: <undefined>)
Image: 10 from ./csst_catalog/test11/alexnet_2/original/lenses_original.tfrecord
========== Results from image 10 ==========
--- Robust Z-score ---
--- Robust Min-Max (p1–p99) ---
--- Robust Affine (img2→img1) ---
MSE Z-score: 0.233065
MSE Min-Max: 5.66467e-06
MSE Affine:  0.0526507 

Image saved in ./csst_catalog/test11/alexnet_2/

PSNR comparison completed successfully.

===============================
Analysis completed at domingo, 16 de noviembre de 2025, 15:10:23 CST
===============================
